<html>
<body>
<pre>
<h1>µVision Build Log</h1>
<h2>Tool Versions:</h2>
IDE-Version: µVision V5.29.0.0
Copyright (C) 2019 ARM Ltd and ARM Germany GmbH. All rights reserved.
License Information: Tanya Gogina, university, LIC=----
 
Tool Versions:
Toolchain:       MDK-Lite  Version: 5.29.0.0
Toolchain Path:  C:\Keil_v5\ARM\ARMCC\Bin
C Compiler:      Armcc.exe V5.06 update 6 (build 750)
Assembler:       Armasm.exe V5.06 update 6 (build 750)
Linker/Locator:  ArmLink.exe V5.06 update 6 (build 750)
Library Manager: ArmAr.exe V5.06 update 6 (build 750)
Hex Converter:   FromElf.exe V5.06 update 6 (build 750)
CPU DLL:         SARMCM3.DLL V5.29.0.0
Dialog DLL:      DCM.DLL V1.17.3.0
Target DLL:      STLink\ST-LINKIII-KEIL_SWO.dll V3.0.7.0
Dialog DLL:      TCM.DLL V1.36.5.0
 
<h2>Project:</h2>
C:\âíç\lab3\Project\Standalone\tcp_echo_client\MDK-ARM\Project.uvproj
Project File Date:  03/30/2020

<h2>Output:</h2>
*** Using Compiler 'V5.06 update 6 (build 750)', folder: 'C:\Keil_v5\ARM\ARMCC\Bin'
Rebuild target 'STM324x7I_EVAL'
assembling startup_stm32f427x.s...
compiling system_stm32f4xx.c...
compiling main.c...
compiling netconf.c...
compiling stm32f4x7_eth_bsp.c...
compiling stm32f4xx_it.c...
compiling serial_debug.c...
compiling api_lib.c...
compiling api_msg.c...
compiling err.c...
compiling netbuf.c...
compiling netifapi.c...
compiling netdb.c...
compiling sockets.c...
compiling tcpip.c...
compiling dns.c...
compiling tcp_echoclient.c...
compiling init.c...
compiling dhcp.c...
compiling mem.c...
compiling memp.c...
compiling netif.c...
compiling pbuf.c...
compiling raw.c...
compiling stats.c...
compiling sys.c...
compiling tcp.c...
compiling tcp_in.c...
compiling tcp_out.c...
..\..\..\..\Utilities\Third_Party\lwip-1.4.1\src\core\tcp_out.c(845): warning:  #550-D: variable "tcphdr"  was set but never used
    struct tcp_hdr *tcphdr;
..\..\..\..\Utilities\Third_Party\lwip-1.4.1\src\core\tcp_out.c(1367): warning:  #550-D: variable "tcphdr"  was set but never used
    struct tcp_hdr *tcphdr;
..\..\..\..\Utilities\Third_Party\lwip-1.4.1\src\core\tcp_out.c: 2 warnings, 0 errors
compiling autoip.c...
compiling udp.c...
compiling icmp.c...
compiling igmp.c...
compiling inet.c...
compiling inet_chksum.c...
compiling ip.c...
compiling ip_addr.c...
compiling ip_frag.c...
compiling etharp.c...
compiling def.c...
compiling timers.c...
compiling ethernetif.c...
..\..\..\..\Utilities\Third_Party\lwip-1.4.1\port\STM32F4x7\Standalone\ethernetif.c(366): warning:  #1-D: last line of file ends without a newline
  }
..\..\..\..\Utilities\Third_Party\lwip-1.4.1\port\STM32F4x7\Standalone\ethernetif.c: 1 warning, 0 errors
compiling stm32f4xx_usart.c...
compiling misc.c...
compiling stm32f4xx_adc.c...
compiling stm32f4xx_exti.c...
compiling stm32f4xx_dma.c...
compiling stm32f4xx_gpio.c...
compiling stm32f4xx_flash.c...
compiling stm32f4xx_fsmc.c...
compiling stm32f4xx_syscfg.c...
compiling stm32f4xx_sdio.c...
compiling stm32f4xx_rcc.c...
compiling stm32f4xx_i2c.c...
compiling stm324x7i_eval.c...
compiling stm32f4x7_eth.c...
compiling stm324x7i_eval_lcd.c...
linking...
Program Size: Code=25462 RO-data=5354 RW-data=256 ZI-data=32968  
".\STM324xG_EVAL\STM324xG_EVAL.axf" - 0 Error(s), 3 Warning(s).
Build Time Elapsed:  00:00:08
</pre>
</body>
</html>
